// Jest Snapshot v1, https://goo.gl/fbAQLP

exports[`PageLogo renders correctly 1`] = `
<h1>
  Math Magicians
</h1>
`;

exports[`renders correctly 1`] = `
<nav
  className="navBar"
>
  <h1>
    Math Magicians
  </h1>
  <ul>
    <li>
      <a
        aria-current="page"
        className="active-link"
        href="/"
        onClick={[Function]}
        style={Object {}}
      >
        Home
      </a>
    </li>
    <li>
      <a
        aria-current={null}
        href="/calculator"
        onClick={[Function]}
      >
        Calculator
      </a>
    </li>
    <li>
      <a
        aria-current={null}
        href="/quote"
        onClick={[Function]}
      >
        Quote
      </a>
    </li>
  </ul>
</nav>
`;
